// Jest Snapshot v1, https://goo.gl/fbAQLP

exports[`<MessageList/> properly renders the component - snapshot 1`] = `
<DocumentFragment>
  <div
    class="MessagesList__SimpleBarStyled-epu0q5-0 bmTbbH"
    data-simplebar="init"
    style="max-height: 900px;"
  >
    <div
      class="simplebar-wrapper"
    >
      <div
        class="simplebar-height-auto-observer-wrapper"
      >
        <div
          class="simplebar-height-auto-observer"
        />
      </div>
      <div
        class="simplebar-mask"
      >
        <div
          class="simplebar-offset"
          style="right: 0px; bottom: 0px;"
        >
          <div
            class="simplebar-content-wrapper"
            style="height: auto; overflow-x: hidden; overflow-y: hidden;"
          >
            <div
              class="simplebar-content"
            >
              <div
                class="MessagesList__ListOfItemsStyled-epu0q5-1 fefGqq"
                data-testid="thread-message-list"
              >
                <article
                  class="Message__StyledMessageItem-uraoec-0 isHSvA"
                  data-testid="message-item"
                >
                  <header>
                    <h3>
                      <span>
                        Architecto alias saepe
                      </span>
                      <span>
                        ðŸ“£ 
                      </span>
                    </h3>
                    <div
                      class="user"
                    >
                      <div
                        class="user__image"
                      >
                        <div
                          class="Avatar__AvatarStyled-fet300-0 Avatar___StyledAvatarStyled-fet300-1 eecPIG c-avatar"
                        >
                          <img
                            alt="user undefined"
                            src="https://i.pravatar.cc/70px?img=44"
                          />
                        </div>
                      </div>
                      <span
                        class="user__name"
                      />
                    </div>
                  </header>
                  <section>
                    <p>
                      ea aperiam quia nam commodi quam incidunt
                    </p>
                  </section>
                  <footer>
                    <p>
                      Sunday, August 2, 2020, 4:05:31 AM
                    </p>
                    <a
                      class="c-button--text"
                      data-testid="thread-link"
                      href="/messages/public/9f72b5e2-9cee-4003-8356-ad48745579be"
                    >
                      SEE THREAD â†’
                    </a>
                  </footer>
                </article>
                <article
                  class="Message__StyledMessageItem-uraoec-0 isHSvA"
                  data-testid="message-item"
                >
                  <header>
                    <h3>
                      <span>
                        Dolorem perferendis in
                      </span>
                      <span>
                        ðŸ“£ 
                      </span>
                    </h3>
                    <div
                      class="user"
                    >
                      <div
                        class="user__image"
                      >
                        <div
                          class="Avatar__AvatarStyled-fet300-0 Avatar___StyledAvatarStyled-fet300-1 eecPIG c-avatar"
                        >
                          <img
                            alt="user undefined"
                            src="https://i.pravatar.cc/70px?img=8"
                          />
                        </div>
                      </div>
                      <span
                        class="user__name"
                      />
                    </div>
                  </header>
                  <section>
                    <p>
                      vero architecto doloribus exercitationem aut veritatis eveniet
                    </p>
                  </section>
                  <footer>
                    <p>
                      Sunday, August 2, 2020, 7:30:15 AM
                    </p>
                    <a
                      class="c-button--text"
                      data-testid="thread-link"
                      href="/messages/public/5a707960-1c54-4bde-a5b9-c83a3318b24a"
                    >
                      SEE THREAD â†’
                    </a>
                  </footer>
                </article>
              </div>
            </div>
          </div>
        </div>
      </div>
      <div
        class="simplebar-placeholder"
        style="width: 0px; height: 0px;"
      />
    </div>
    <div
      class="simplebar-track simplebar-horizontal"
      style="visibility: hidden;"
    >
      <div
        class="simplebar-scrollbar simplebar-visible"
        style="width: 0px; display: none;"
      />
    </div>
    <div
      class="simplebar-track simplebar-vertical"
      style="visibility: hidden;"
    >
      <div
        class="simplebar-scrollbar simplebar-visible"
        style="height: 0px; display: none;"
      />
    </div>
  </div>
</DocumentFragment>
`;
